
[2026-01-22T06:12:05.842Z]
Platform: win32 (x64)
CPU: AMD Ryzen 7 5800HS with Radeon Graphics         (16 cores)
Memory: 5.21 GB free / 15.33 GB total
----------------------------------------

[2026-01-22T06:22:40.801Z]
Platform: win32 (x64)
CPU: AMD Ryzen 7 5800HS with Radeon Graphics         (16 cores)
Memory: 5.29 GB free / 15.33 GB total
----------------------------------------

[2026-01-22T06:22:45.816Z]
Platform: win32 (x64)
CPU: AMD Ryzen 7 5800HS with Radeon Graphics         (16 cores)
Memory: 5.30 GB free / 15.33 GB total
----------------------------------------

[2026-01-22T06:22:50.827Z]
Platform: win32 (x64)
CPU: AMD Ryzen 7 5800HS with Radeon Graphics         (16 cores)
Memory: 5.31 GB free / 15.33 GB total
----------------------------------------

[2026-01-22T06:22:55.842Z]
Platform: win32 (x64)
CPU: AMD Ryzen 7 5800HS with Radeon Graphics         (16 cores)
Memory: 5.30 GB free / 15.33 GB total
----------------------------------------

[2026-01-22T06:23:00.856Z]
Platform: win32 (x64)
CPU: AMD Ryzen 7 5800HS with Radeon Graphics         (16 cores)
Memory: 5.29 GB free / 15.33 GB total
----------------------------------------

[2026-01-22T06:23:05.870Z]
Platform: win32 (x64)
CPU: AMD Ryzen 7 5800HS with Radeon Graphics         (16 cores)
Memory: 5.31 GB free / 15.33 GB total
----------------------------------------
